// Jest Snapshot v1, https://goo.gl/fbAQLP

exports[`should show up with expense 1`] = `
<div>
  <Link
    to="/edit/1232"
  >
    <h3>
      rent
      :
    </h3>
  </Link>
  <div>
    $1,095.00
     - 
    January 2nd 1970
  </div>
</div>
`;
