// Jest Snapshot v1, https://goo.gl/fbAQLP

exports[`should show up 1`] = `
<div>
  <button>
    Log in
  </button>
</div>
`;
